repl% [33m[[0mx [33m|[0m nums [33m=[0m [33m[[0m
  [31m1[0m[33m,[0m
  [31m2[0m[33m,[0m
  [31m3[0m
[33m][0m[33m;[0m x [33m=[0m nums[33m[[0m_[33m][0m[33m][0m [33m:[0m [34marray[0m[33m{[0m[34mnumber[0m[33m}[0m
repl% [33m{[0mx [33m|[0m nums [33m=[0m [33m[[0m
  [31m1[0m[33m,[0m
  [31m2[0m[33m,[0m
  [31m3[0m
[33m][0m[33m;[0m x [33m=[0m nums[33m[[0m_[33m][0m[33m}[0m [33m:[0m [34mset[0m[33m{[0m[34mnumber[0m[33m}[0m
repl% [33m{[0mk[33m:[0m v [33m|[0m nums [33m=[0m [33m[[0m
  [31m1[0m[33m,[0m
  [31m2[0m[33m,[0m
  [31m3[0m
[33m][0m[33m;[0m strs [33m=[0m [33m[[0m
  [31m"one"[0m[33m,[0m
  [31m"two"[0m[33m,[0m
  [31m"three"[0m
[33m][0m[33m;[0m v [33m=[0m nums[33m[[0m_[33m][0m[33m;[0m k [33m=[0m strs[33m[[0m_[33m][0m[33m}[0m [33m:[0m [34mobject[0m[33m{[0m[34mstring[0m[33m:[0m [34mnumber[0m[33m}[0m
repl% 