F u g u e   R E G O   T o o l k i t
fregot v0.12.3 repl - use :help for usage info
Loading granular.rego...
Loaded package granular
