fregot (typecheck error):
  "invalid_void.rego" (line 4, column 7):
  Void type:

    4|   x = array.concat([1], [2], out)
             ^^^^^^^^^^^^^^^^^^^^^^^^^^^

  This expression does not have a result, so it should not be assigned or used.

  "invalid_void.rego" (line 4, column 3):
  Void type:

    4|   x = array.concat([1], [2], out)
         ^^^^^^^^^^^^^^^^^^^^^^^^^^^^^^^

  However, it used here.

fregot (typecheck error):
  "invalid_void.rego" (line 9, column 8):
  Void type:

    9|   all([array.concat([1], [2], out)])
              ^^^^^^^^^^^^^^^^^^^^^^^^^^^

  This expression does not have a result, so it should not be assigned or used.

  "invalid_void.rego" (line 9, column 7):
  Void type:

    9|   all([array.concat([1], [2], out)])
             ^^^^^^^^^^^^^^^^^^^^^^^^^^^^^

  However, it used here.
