fregot ([34minterpreter error[0m):
  Cyclic dependency error:
    fregot.tests.invalid.dep_cycle_01 depends on
    fregot.tests.invalid.dep_cycle_02 depends on
    fregot.tests.invalid.dep_cycle_03 depends on
    fregot.tests.invalid.dep_cycle_01

fregot ([34minterpreter error[0m):
  Cyclic dependency error:
    fregot.tests.invalid.dep_cycle_02 depends on
    fregot.tests.invalid.dep_cycle_03 depends on
    fregot.tests.invalid.dep_cycle_01 depends on
    fregot.tests.invalid.dep_cycle_02

fregot ([34minterpreter error[0m):
  Cyclic dependency error:
    fregot.tests.invalid.dep_cycle_03 depends on
    fregot.tests.invalid.dep_cycle_01 depends on
    fregot.tests.invalid.dep_cycle_02 depends on
    fregot.tests.invalid.dep_cycle_03
