fregot (compile error):
  "assign-rule-01.rego" (line 4, column 1):
  bad default:

    4| default allow := false
       ^^^^^^^^^^^^^^^^^^^^^^

  Default rules should use `=` rather than `:=`.

fregot (compile error):
  "assign-rule-01.rego" (line 8, column 1):
  conflicting `:=` rule:

    8| pi = 3.14
       ^^^^^^^^^

  rules declared using `:=` cannot have multiple definitions

  "assign-rule-01.rego" (line 7, column 1):
  conflicting `:=` rule:

    7| pi := 3.14
       ^^^^^^^^^^

  rules declared using `:=` cannot have multiple definitions

fregot (compile error):
  "assign-rule-01.rego" (line 11, column 1):
  bad assignment:

    11| double(x) := ret {ret := x + x}
        ^^^^^^^^^^^^^^^^

  Functions should use `=` rather than `:=`.
