fregot (compile error):
  "parser-01.rego" (line 5, column 1):
  incomplete rule definition:

    5| function double(x) = y {
       ^^^^^^^^

  Rules cannot be declared using just their name.
  The rule function should have an index, arguments or a value.
