fregot (recursion check error):
  "recursive-03.rego" (line 3, column 1):
  rules are recursive:

    3| foo {
       ^^^

  These rules are mutually recursive:
    foo
    bar
    qux

  "recursive-03.rego" (line 7, column 1):
  rules are recursive:

    7| bar {
       ^^^

  These rules are mutually recursive:
    foo
    bar
    qux

  "recursive-03.rego" (line 11, column 1):
  rules are recursive:

    11| qux {
        ^^^

  These rules are mutually recursive:
    foo
    bar
    qux
