fregot (recursion check error):
  "recursive-01.rego" (line 3, column 1):
  rule is recursive:

    3| foo {
       ^^^

  This rule is recursive.
