fregot ([34mcompile error[0m):
  "unknown-var-03.rego" (line 8, column 3):
  unknown variable:

    8|   double(x, y)
         [31m^^^^^^^^^^^^[0m

  Undefined variable: y

fregot ([34mcompile error[0m):
  "unknown-var-03.rego" (line 8, column 3):
  unknown variable:

    8|   double(x, y)
         [31m^^^^^^^^^^^^[0m

  Undefined variable: x
