fregot (renamer error):
  "unknown-call-01.rego" (line 4, column 3):
  unknown function:

    4|   bar.unknown_call(1)
         ^^^^^^^^^^^^^^^^^^^

  Package bar is not imported.
