fregot (compile error):
  "unknown-var-01.rego" (line 4, column 3):
  unknown variable:

    4|   b
         ^

  Undefined variable: b
