{
    "pods": {
        "nginx": {
            "ssl_enabled": false
        }
    }
}
