fregot ([34mcompile error[0m):
  "invalid-unknown-var-01.rego" (line 4, column 3):
  unknown variable:

    4|   b
         [31m^[0m

  Undefined variable: b
