repl% repl% 14|   low_a
      ^^^^^
step(debug)% (debug) = true
(debug) finished
repl% 