repl% comprehension_index% comprehension_index% comprehension_index% 32|   intf := mock_input.exposed[i].interface
      ^^^^^^^^^^^^^^^^^^^^^^^^^^^^^^^^^^^^^^^
comprehension_index(debug)% 35|     mock_input.exposed[j].interface = intf
        ^^^^^^^^^^^^^^^^^^^^^^^^^^^^^^^^^^^^^^
comprehension_index(debug)% 36|     port := mock_input.exposed[j].port
        ^^^^^^^^^^^^^^^^^^^^^^^^^^^^^^^^^^
comprehension_index(debug)% = 8080
| intf = "eth0"
| j = 0
comprehension_index(debug)% 36|     port := mock_input.exposed[j].port
        ^^^^^^^^^^^^^^^^^^^^^^^^^^^^^^^^^^
comprehension_index(debug)% = 8081
| intf = "eth0"
| j = 1
comprehension_index(debug)% 36|     port := mock_input.exposed[j].port
        ^^^^^^^^^^^^^^^^^^^^^^^^^^^^^^^^^^
comprehension_index(debug)% = 443
| intf = "eth1"
| j = 2
comprehension_index(debug)% 36|     port := mock_input.exposed[j].port
        ^^^^^^^^^^^^^^^^^^^^^^^^^^^^^^^^^^
comprehension_index(debug)% = 5000
| intf = "lo1"
| j = 3
comprehension_index(debug)% 1| access_twice {exposed_ports_by_interface["eth0"]; exposed_ports_by_interface["lo1"]}
                                                     ^^^^^^^^^^^^^^^^^^^^^^^^^^^^^^^^^
comprehension_index(debug)% (debug) = true
(debug) finished
comprehension_index% comprehension_index% 