F u g u e   R E G O   T o o l k i t
fregot v0.11.1 repl - use :help for usage info
Set breakpoint at debug_context.valid_security_groups
