repl% repl% repl% 1| rule {true}
         [32m^^^^[0m
repl(debug)% repl(debug)% 