repl% fregot.tests.repl.debug_cache% = true
fregot.tests.repl.debug_cache% fregot.tests.repl.debug_cache% 10|     allow with input as {"user": "bob"}
        ^^^^^
fregot.tests.repl.debug_cache(debug)% (debug) = true
(debug) finished
fregot.tests.repl.debug_cache% 