F u g u e   R E G O   T o o l k i t
fregot v0.7.4 repl - use :help for usage info
Loading load.rego...
Loaded package fregot.tests.repl.load
