F u g u e   R E G O   T o o l k i t
fregot v0.12.3 repl - use :help for usage info
Warning: package [33m[35mmypkg1[0m[0m contains no rules
Rule [33mr[0m added
Warning: package [33m[35mmypkg2[0m[0m contains no rules
Rule [33mr[0m added
