F u g u e   R E G O   T o o l k i t
fregot v0.12.2 repl - use :help for usage info
Loading pretty.rego...
Loaded package pretty
