F u g u e   R E G O   T o o l k i t
fregot v0.2.0 repl - use :help for usage info
fregot ([34meval error[0m):
  "rewind.rego" (line 5, column 3):
  builtin type error:

    5|   x + "hi" > "wat"
         [31m^^^^^^^^[0m

  Expected number but got string

  Stack trace:
    rule [33mrewind[33m.[0mcrashing_rule[0m at data.rewind.crashing_rule:1:1
