repl% = 3
| i = 3
= 7
| i = 7
= 2
| i = 2
= 11
| i = 11
= 5
| i = 5
= 13
| i = 13
= 1
| i = 1
= 0
| i = 0
= 8
| i = 8
repl% 