repl% repl% fregot.tests.repl.test% passed: 1, failed: 0, errored: 0
fregot.tests.repl.test% 