F u g u e   R E G O   T o o l k i t
fregot v0.9.1 repl - use :help for usage info
Reloaded watch-input-2.json
