[primes array{
  0: number,
  1: number,
  2: number,
  3: number,
  4: number,
  5: number,
  6: number,
  7: number,
  8: number,
  9: number,
  10: number,
  11: number,
  12: number,
  13: number,
  14: number,
  15: number,
  16: number,
  17: number,
  18: number,
  19: number,
  20: number,
  21: number,
  22: number,
  23: number,
  24: number
}]
primes = [
  2,
  3,
  5,
  7,
  11,
  13,
  17,
  19,
  23,
  29,
  31,
  37,
  41,
  43,
  47,
  53,
  59,
  61,
  67,
  71,
  73,
  79,
  83,
  89,
  97
]
[double_primes set{number} bottom-up]
double_primes [ret] {
  bottom_up.primes.p
  ret := *(p, 2)
}
[small_primes set{number}]
small_primes [ret] {
  ret := bottom_up.primes._
  <(ret, 10)
}
