english = {
  "three": 3,
  "one": 1,
  "two": 2
}
should_be_1 = ret {
  textual = "one"
  numeric = 1
  ret = {total |
    bug.english.k = v
    k = textual
    total = sum([numeric |
      bug.english._ = numeric
    ])
  }
}
test_should_be_1 {
  bug.should_be_1 = {1}
}
